<?xml version="1.0" encoding="utf-8"?><testsuites><testsuite name="pytest" errors="0" failures="0" skipped="5" tests="14" time="0.374" timestamp="2025-06-26T20:04:27.062221+02:00" hostname="LAPTOP-55LLFGN1"><testcase classname="tests.test_calculator.TestIncrementalStdevCalculator" name="test_initialization" time="0.041" /><testcase classname="tests.test_calculator.TestIncrementalStdevCalculator" name="test_load_data" time="0.041" /><testcase classname="tests.test_calculator.TestIncrementalStdevCalculator" name="test_get_state_key" time="0.008" /><testcase classname="tests.test_calculator.TestIncrementalStdevCalculator" name="test_update_state" time="0.009" /><testcase classname="tests.test_calculator.TestIncrementalStdevCalculator" name="test_gap_detection" time="0.009" /><testcase classname="tests.test_calculator.TestIncrementalStdevCalculator" name="test_process_method" time="0.040" /><testcase classname="tests.test_calculator.TestIncrementalStdevCalculator" name="test_state_persistence" time="0.052" /><testcase classname="tests.test_calculator.TestIncrementalStdevCalculator" name="test_save_results" time="0.016" /><testcase classname="tests.test_dag.TestDAGFunctions" name="test_extract_and_validate_function_structure" time="0.002"><skipped type="pytest.skip" message="Could not import DAG functions due to Airflow dependencies">C:\Users\gonza\OneDrive\Documentos\GitHub\stdev_dag\tests\test_dag.py:81: Could not import DAG functions due to Airflow dependencies</skipped></testcase><testcase classname="tests.test_dag.TestDAGFunctions" name="test_load_raw_data_function_structure" time="0.001"><skipped type="pytest.skip" message="Could not import DAG functions due to Airflow dependencies">C:\Users\gonza\OneDrive\Documentos\GitHub\stdev_dag\tests\test_dag.py:87: Could not import DAG functions due to Airflow dependencies</skipped></testcase><testcase classname="tests.test_dag.TestDAGFunctions" name="test_calculate_function_structure" time="0.000"><skipped type="pytest.skip" message="Could not import DAG functions due to Airflow dependencies">C:\Users\gonza\OneDrive\Documentos\GitHub\stdev_dag\tests\test_dag.py:93: Could not import DAG functions due to Airflow dependencies</skipped></testcase><testcase classname="tests.test_dag.TestDAGFunctions" name="test_save_results_function_structure" time="0.000"><skipped type="pytest.skip" message="Could not import DAG functions due to Airflow dependencies">C:\Users\gonza\OneDrive\Documentos\GitHub\stdev_dag\tests\test_dag.py:99: Could not import DAG functions due to Airflow dependencies</skipped></testcase><testcase classname="tests.test_dag.TestDAGFunctions" name="test_cleanup_function_structure" time="0.000"><skipped type="pytest.skip" message="Could not import DAG functions due to Airflow dependencies">C:\Users\gonza\OneDrive\Documentos\GitHub\stdev_dag\tests\test_dag.py:105: Could not import DAG functions due to Airflow dependencies</skipped></testcase><testcase classname="tests.test_integration.TestIntegrationWorkflow" name="test_full_calculation_workflow" time="0.051" /></testsuite></testsuites>